<?xml version="1.0" encoding="UTF-8"?>
<testsuites name="Mocha Tests" time="0.001" tests="2" failures="0">
  <testsuite name="Root Suite" timestamp="2025-11-07T17:27:22" tests="0" time="0.000" failures="0">
  </testsuite>
  <testsuite name="Example Test Suite" timestamp="2025-11-07T17:27:22" tests="2" file="/Users/mayanksahu/Desktop/binary_system/test/example.test.ts" time="0.001" failures="0">
    <testcase name="Example Test Suite should pass a basic test" time="0.000" classname="should pass a basic test">
    </testcase>
    <testcase name="Example Test Suite should verify string operations" time="0.000" classname="should verify string operations">
    </testcase>
  </testsuite>
</testsuites>